// Jest Snapshot v1, https://goo.gl/fbAQLP

exports[`About Component renders correctly 1`] = `
.c3 {
  margin: 0 auto;
  padding-top: 40px;
}

.c0 {
  margin: 0 auto;
  padding-top: 40px;
}

.c1.c1 {
  font-size: 22px;
}

.c2.c2 {
  font-size: 16px;
}

.c4.c4 {
  margin-right: 20px;
}

<div
  class="MuiContainer-root MuiContainer-maxWidthLg"
>
  <h1
    class="MuiTypography-root MuiTypography-h1"
  >
    Create React App powered by fleonard
  </h1>
  <div
    class="MuiGrid-root c0 MuiGrid-container MuiGrid-direction-xs-column MuiGrid-align-items-xs-center MuiGrid-justify-xs-center"
  >
    <h2
      class="MuiTypography-root c1 card-title MuiTypography-h2"
    >
      Counter component
    </h2>
    <h4
      class="MuiTypography-root c2 MuiTypography-h4"
    >
      Counter: 
      <strong
        data-testid="counter"
      >
        42
      </strong>
    </h4>
    <div
      class="MuiGrid-root c3 MuiGrid-container MuiGrid-align-items-xs-center MuiGrid-justify-xs-center"
    >
      <button
        aria-label="decrement"
        class="MuiButtonBase-root MuiButton-root MuiButton-contained c4 MuiButton-containedPrimary"
        data-testid="decrement"
        tabindex="0"
        type="button"
      >
        <span
          class="MuiButton-label"
        >
           
          -
           
        </span>
        <span
          class="MuiTouchRipple-root"
        />
      </button>
      <button
        aria-label="increment"
        class="MuiButtonBase-root MuiButton-root MuiButton-contained c4 MuiButton-containedPrimary"
        data-testid="increment"
        tabindex="0"
        type="button"
      >
        <span
          class="MuiButton-label"
        >
           
          +
           
        </span>
        <span
          class="MuiTouchRipple-root"
        />
      </button>
    </div>
  </div>
</div>
`;
